../Core/Src/main.c:45:6:wifi_setup	8	static
../Core/Src/main.c:51:6:mqtt_setup	8	static
../Core/Src/main.c:60:6:mqtt_message_callback	64	dynamic
../Core/Src/main.c:74:6:decode_base64_data	32	static
../Core/Src/main.c:99:6:receive_base64_data	16	static
../Core/Src/main.c:109:5:main	1048	static
../Core/Src/main.c:163:6:SystemClock_Config	88	static
../Core/Src/main.c:209:13:MX_USART2_UART_Init	8	static
../Core/Src/main.c:239:13:MX_GPIO_Init	40	static
../Core/Src/main.c:271:6:Error_Handler	4	static
