Archive member included to satisfy reference by file (symbol)

/usr/lib/gcc/arm-none-eabi/9.2.1/../../../arm-none-eabi/lib/thumb/v7e-m+fp/hard/libc_nano.a(lib_a-atexit.o)
                              /usr/lib/gcc/arm-none-eabi/9.2.1/../../../arm-none-eabi/lib/thumb/v7e-m+fp/hard/crt0.o (atexit)
/usr/lib/gcc/arm-none-eabi/9.2.1/../../../arm-none-eabi/lib/thumb/v7e-m+fp/hard/libc_nano.a(lib_a-errno.o)
                              ./Core/Src/syscalls.o (__errno)
/usr/lib/gcc/arm-none-eabi/9.2.1/../../../arm-none-eabi/lib/thumb/v7e-m+fp/hard/libc_nano.a(lib_a-exit.o)
                              /usr/lib/gcc/arm-none-eabi/9.2.1/../../../arm-none-eabi/lib/thumb/v7e-m+fp/hard/crt0.o (exit)
/usr/lib/gcc/arm-none-eabi/9.2.1/../../../arm-none-eabi/lib/thumb/v7e-m+fp/hard/libc_nano.a(lib_a-fini.o)
                              /usr/lib/gcc/arm-none-eabi/9.2.1/../../../arm-none-eabi/lib/thumb/v7e-m+fp/hard/crt0.o (__libc_fini_array)
/usr/lib/gcc/arm-none-eabi/9.2.1/../../../arm-none-eabi/lib/thumb/v7e-m+fp/hard/libc_nano.a(lib_a-impure.o)
                              /usr/lib/gcc/arm-none-eabi/9.2.1/../../../arm-none-eabi/lib/thumb/v7e-m+fp/hard/libc_nano.a(lib_a-exit.o) (_global_impure_ptr)
/usr/lib/gcc/arm-none-eabi/9.2.1/../../../arm-none-eabi/lib/thumb/v7e-m+fp/hard/libc_nano.a(lib_a-init.o)
                              /usr/lib/gcc/arm-none-eabi/9.2.1/../../../arm-none-eabi/lib/thumb/v7e-m+fp/hard/crt0.o (__libc_init_array)
/usr/lib/gcc/arm-none-eabi/9.2.1/../../../arm-none-eabi/lib/thumb/v7e-m+fp/hard/libc_nano.a(lib_a-memset.o)
                              /usr/lib/gcc/arm-none-eabi/9.2.1/../../../arm-none-eabi/lib/thumb/v7e-m+fp/hard/crt0.o (memset)
/usr/lib/gcc/arm-none-eabi/9.2.1/../../../arm-none-eabi/lib/thumb/v7e-m+fp/hard/libc_nano.a(lib_a-__atexit.o)
                              /usr/lib/gcc/arm-none-eabi/9.2.1/../../../arm-none-eabi/lib/thumb/v7e-m+fp/hard/libc_nano.a(lib_a-atexit.o) (__register_exitproc)
/usr/lib/gcc/arm-none-eabi/9.2.1/../../../arm-none-eabi/lib/thumb/v7e-m+fp/hard/libc_nano.a(lib_a-__call_atexit.o)
                              /usr/lib/gcc/arm-none-eabi/9.2.1/../../../arm-none-eabi/lib/thumb/v7e-m+fp/hard/libc_nano.a(lib_a-__atexit.o) (__call_exitprocs)
/usr/lib/gcc/arm-none-eabi/9.2.1/thumb/v7e-m+fp/hard/libgcc.a(_aeabi_uldivmod.o)
                              ./Drivers/STM32F4xx_HAL_Driver/Src/stm32f4xx_hal_rcc.o (__aeabi_uldivmod)
/usr/lib/gcc/arm-none-eabi/9.2.1/thumb/v7e-m+fp/hard/libgcc.a(_udivmoddi4.o)
                              /usr/lib/gcc/arm-none-eabi/9.2.1/thumb/v7e-m+fp/hard/libgcc.a(_aeabi_uldivmod.o) (__udivmoddi4)
/usr/lib/gcc/arm-none-eabi/9.2.1/thumb/v7e-m+fp/hard/libgcc.a(_dvmd_tls.o)
                              /usr/lib/gcc/arm-none-eabi/9.2.1/thumb/v7e-m+fp/hard/libgcc.a(_aeabi_uldivmod.o) (__aeabi_ldiv0)

Allocating common symbols
Common symbol       size              file

hcrc                0x8               ./Core/Src/main.o
uwTick              0x4               ./Drivers/STM32F4xx_HAL_Driver/Src/stm32f4xx_hal.o
pFlash              0x20              ./Drivers/STM32F4xx_HAL_Driver/Src/stm32f4xx_hal_flash.o
huart1              0x48              ./Core/Src/usart.o

Discarded input sections

 .text          0x0000000000000000        0x0 /usr/lib/gcc/arm-none-eabi/9.2.1/thumb/v7e-m+fp/hard/crti.o
 .data          0x0000000000000000        0x0 /usr/lib/gcc/arm-none-eabi/9.2.1/thumb/v7e-m+fp/hard/crti.o
 .bss           0x0000000000000000        0x0 /usr/lib/gcc/arm-none-eabi/9.2.1/thumb/v7e-m+fp/hard/crti.o
 .data          0x0000000000000000        0x4 /usr/lib/gcc/arm-none-eabi/9.2.1/thumb/v7e-m+fp/hard/crtbegin.o
 .text          0x0000000000000000       0x70 /usr/lib/gcc/arm-none-eabi/9.2.1/../../../arm-none-eabi/lib/thumb/v7e-m+fp/hard/crt0.o
 .data          0x0000000000000000        0x0 /usr/lib/gcc/arm-none-eabi/9.2.1/../../../arm-none-eabi/lib/thumb/v7e-m+fp/hard/crt0.o
 .bss           0x0000000000000000        0x0 /usr/lib/gcc/arm-none-eabi/9.2.1/../../../arm-none-eabi/lib/thumb/v7e-m+fp/hard/crt0.o
 .ARM.extab     0x0000000000000000        0x0 /usr/lib/gcc/arm-none-eabi/9.2.1/../../../arm-none-eabi/lib/thumb/v7e-m+fp/hard/crt0.o
 .ARM.exidx     0x0000000000000000       0x10 /usr/lib/gcc/arm-none-eabi/9.2.1/../../../arm-none-eabi/lib/thumb/v7e-m+fp/hard/crt0.o
 .debug_line    0x0000000000000000       0x87 /usr/lib/gcc/arm-none-eabi/9.2.1/../../../arm-none-eabi/lib/thumb/v7e-m+fp/hard/crt0.o
 .debug_info    0x0000000000000000       0x26 /usr/lib/gcc/arm-none-eabi/9.2.1/../../../arm-none-eabi/lib/thumb/v7e-m+fp/hard/crt0.o
 .debug_abbrev  0x0000000000000000       0x14 /usr/lib/gcc/arm-none-eabi/9.2.1/../../../arm-none-eabi/lib/thumb/v7e-m+fp/hard/crt0.o
 .debug_aranges
                0x0000000000000000       0x20 /usr/lib/gcc/arm-none-eabi/9.2.1/../../../arm-none-eabi/lib/thumb/v7e-m+fp/hard/crt0.o
 .debug_str     0x0000000000000000       0x98 /usr/lib/gcc/arm-none-eabi/9.2.1/../../../arm-none-eabi/lib/thumb/v7e-m+fp/hard/crt0.o
[...]
Memory Configuration

Name             Origin             Length             Attributes
CCMRAM           0x0000000010000000 0x0000000000010000 xrw
RAM              0x0000000020000000 0x0000000000020000 xrw
FLASH            0x0000000008000000 0x0000000000100000 xr
*default*        0x0000000000000000 0xffffffffffffffff

Linker script and memory map

LOAD /usr/lib/gcc/arm-none-eabi/9.2.1/thumb/v7e-m+fp/hard/crti.o
LOAD /usr/lib/gcc/arm-none-eabi/9.2.1/thumb/v7e-m+fp/hard/crtbegin.o
LOAD /usr/lib/gcc/arm-none-eabi/9.2.1/../../../arm-none-eabi/lib/thumb/v7e-m+fp/hard/crt0.o
LOAD ./Core/Src/bootloader.o
LOAD ./Core/Src/crc.o
LOAD ./Core/Src/gpio.o
LOAD ./Core/Src/main.o
LOAD ./Core/Src/stm32f4xx_it.o
LOAD ./Core/Src/syscalls.o
LOAD ./Core/Src/sysmem.o
LOAD ./Core/Src/system_stm32f4xx.o
LOAD ./Core/Src/usart.o
LOAD ./Core/Startup/startup_stm32f407vgtx.o
LOAD ./Drivers/STM32F4xx_HAL_Driver/Src/stm32f4xx_hal.o
LOAD ./Drivers/STM32F4xx_HAL_Driver/Src/stm32f4xx_hal_cortex.o
LOAD ./Drivers/STM32F4xx_HAL_Driver/Src/stm32f4xx_hal_crc.o
LOAD ./Drivers/STM32F4xx_HAL_Driver/Src/stm32f4xx_hal_dma.o
LOAD ./Drivers/STM32F4xx_HAL_Driver/Src/stm32f4xx_hal_dma_ex.o
LOAD ./Drivers/STM32F4xx_HAL_Driver/Src/stm32f4xx_hal_exti.o
LOAD ./Drivers/STM32F4xx_HAL_Driver/Src/stm32f4xx_hal_flash.o
LOAD ./Drivers/STM32F4xx_HAL_Driver/Src/stm32f4xx_hal_flash_ex.o
LOAD ./Drivers/STM32F4xx_HAL_Driver/Src/stm32f4xx_hal_flash_ramfunc.o
LOAD ./Drivers/STM32F4xx_HAL_Driver/Src/stm32f4xx_hal_gpio.o
LOAD ./Drivers/STM32F4xx_HAL_Driver/Src/stm32f4xx_hal_pwr.o
LOAD ./Drivers/STM32F4xx_HAL_Driver/Src/stm32f4xx_hal_pwr_ex.o
LOAD ./Drivers/STM32F4xx_HAL_Driver/Src/stm32f4xx_hal_rcc.o
LOAD ./Drivers/STM32F4xx_HAL_Driver/Src/stm32f4xx_hal_rcc_ex.o
LOAD ./Drivers/STM32F4xx_HAL_Driver/Src/stm32f4xx_hal_tim.o
LOAD ./Drivers/STM32F4xx_HAL_Driver/Src/stm32f4xx_hal_tim_ex.o
LOAD ./Drivers/STM32F4xx_HAL_Driver/Src/stm32f4xx_hal_uart.o
START GROUP
LOAD /usr/lib/gcc/arm-none-eabi/9.2.1/../../../arm-none-eabi/lib/thumb/v7e-m+fp/hard/libc_nano.a
LOAD /usr/lib/gcc/arm-none-eabi/9.2.1/../../../arm-none-eabi/lib/thumb/v7e-m+fp/hard/libm.a
END GROUP
START GROUP
LOAD /usr/lib/gcc/arm-none-eabi/9.2.1/thumb/v7e-m+fp/hard/libgcc.a
LOAD /usr/lib/gcc/arm-none-eabi/9.2.1/../../../arm-none-eabi/lib/thumb/v7e-m+fp/hard/libc_nano.a
END GROUP
START GROUP
LOAD /usr/lib/gcc/arm-none-eabi/9.2.1/thumb/v7e-m+fp/hard/libgcc.a
LOAD /usr/lib/gcc/arm-none-eabi/9.2.1/../../../arm-none-eabi/lib/thumb/v7e-m+fp/hard/libc_nano.a
LOAD /usr/lib/gcc/arm-none-eabi/9.2.1/../../../arm-none-eabi/lib/thumb/v7e-m+fp/hard/libnosys.a
END GROUP
START GROUP
LOAD /usr/lib/gcc/arm-none-eabi/9.2.1/thumb/v7e-m+fp/hard/libgcc.a
LOAD /usr/lib/gcc/arm-none-eabi/9.2.1/../../../arm-none-eabi/lib/thumb/v7e-m+fp/hard/libc_nano.a
LOAD /usr/lib/gcc/arm-none-eabi/9.2.1/../../../arm-none-eabi/lib/thumb/v7e-m+fp/hard/libnosys.a
END GROUP
LOAD /usr/lib/gcc/arm-none-eabi/9.2.1/thumb/v7e-m+fp/hard/crtend.o
LOAD /usr/lib/gcc/arm-none-eabi/9.2.1/thumb/v7e-m+fp/hard/crtn.o
                0x0000000020020000                _estack = (ORIGIN (RAM) + LENGTH (RAM))
                0x0000000000000200                _Min_Heap_Size = 0x200
                0x0000000000000400                _Min_Stack_Size = 0x400

.isr_vector     0x0000000008000000      0x188
                0x0000000008000000                . = ALIGN (0x4)
 *(.isr_vector)
 .isr_vector    0x0000000008000000      0x188 ./Core/Startup/startup_stm32f407vgtx.o
                0x0000000008000000                g_pfnVectors
                0x0000000008000188                . = ALIGN (0x4)

.text           0x0000000008000188     0x2ebc
                0x0000000008000188                . = ALIGN (0x4)
 *(.text)
 .text          0x0000000008000188       0x88 /usr/lib/gcc/arm-none-eabi/9.2.1/thumb/v7e-m+fp/hard/crtbegin.o
 .text          0x0000000008000210       0x48 /usr/lib/gcc/arm-none-eabi/9.2.1/../../../arm-none-eabi/lib/thumb/v7e-m+fp/hard/libc_nano.a(lib_a-init.o)
                0x0000000008000210                __libc_init_array
 .text          0x0000000008000258       0xa0 /usr/lib/gcc/arm-none-eabi/9.2.1/../../../arm-none-eabi/lib/thumb/v7e-m+fp/hard/libc_nano.a(lib_a-memset.o)
                0x0000000008000258                memset
 .text          0x00000000080002f8       0x30 /usr/lib/gcc/arm-none-eabi/9.2.1/thumb/v7e-m+fp/hard/libgcc.a(_aeabi_uldivmod.o)
                0x00000000080002f8                __aeabi_uldivmod
 .text          0x0000000008000328      0x2c4 /usr/lib/gcc/arm-none-eabi/9.2.1/thumb/v7e-m+fp/hard/libgcc.a(_udivmoddi4.o)
                0x0000000008000328                __udivmoddi4
 .text          0x00000000080005ec        0x4 /usr/lib/gcc/arm-none-eabi/9.2.1/thumb/v7e-m+fp/hard/libgcc.a(_dvmd_tls.o)
                0x00000000080005ec                __aeabi_ldiv0
                0x00000000080005ec                __aeabi_idiv0
 *(.text*)
 .text.BL_UART_Fetch_Host_Command
                0x00000000080005f0       0xd8 ./Core/Src/bootloader.o
                0x00000000080005f0                BL_UART_Fetch_Host_Command
 .text.Bootloader_Get_Chip_Identification_Number
                0x00000000080006c8       0x6c ./Core/Src/bootloader.o
 .text.CBL_STM32F401_Get_RDP_Level
                0x0000000008000734       0x1a ./Core/Src/bootloader.o
 .text.Bootloader_Read_Protection_Level
                0x000000000800074e       0x76 ./Core/Src/bootloader.o
 .text.Bootloader_Jump_To_User_App
                0x00000000080007c4       0xa0 ./Core/Src/bootloader.o
 .text.Perform_Flash_Erase
                0x0000000008000864       0xce ./Core/Src/bootloader.o
 .text.Bootloader_Erase_Flash
                0x0000000008000932       0x78 ./Core/Src/bootloader.o
 .text.Flash_Memory_Write_Payload
                0x00000000080009aa       0xa4 ./Core/Src/bootloader.o
 .text.Bootloader_Memory_Write
                0x0000000008000a4e       0xbc ./Core/Src/bootloader.o
 *fill*         0x0000000008000b0a        0x2 
 .text.Host_Address_Verification
                0x0000000008000b0c       0x50 ./Core/Src/bootloader.o
 .text.Bootloader_CRC_Verify
                0x0000000008000b5c       0x7c ./Core/Src/bootloader.o
 .text.Bootloader_Send_NACK
                0x0000000008000bd8       0x24 ./Core/Src/bootloader.o
 .text.Bootloader_Send_Data_To_Host
                0x0000000008000bfc       0x28 ./Core/Src/bootloader.o
 .text.HAL_CRC_MspInit
                0x0000000008000c24       0x44 ./Core/Src/crc.o
                0x0000000008000c24                HAL_CRC_MspInit
 .text.main     0x0000000008000c68       0x34 ./Core/Src/main.o
                0x0000000008000c68                main
 .text.SystemClock_Config
                0x0000000008000c9c       0xd4 ./Core/Src/main.o
                0x0000000008000c9c                SystemClock_Config
 .text.MX_CRC_Init
                0x0000000008000d70       0x28 ./Core/Src/main.o
 .text.MX_USART1_UART_Init
                0x0000000008000d98       0x54 ./Core/Src/main.o
 .text.MX_GPIO_Init
                0x0000000008000dec       0xa4 ./Core/Src/main.o
 .text.Error_Handler
                0x0000000008000e90        0xa ./Core/Src/main.o
                0x0000000008000e90                Error_Handler
 .text.NMI_Handler
                0x0000000008000e9a        0x6 ./Core/Src/stm32f4xx_it.o
                0x0000000008000e9a                NMI_Handler
 .text.HardFault_Handler
                0x0000000008000ea0        0x6 ./Core/Src/stm32f4xx_it.o
                0x0000000008000ea0                HardFault_Handler
 .text.MemManage_Handler
                0x0000000008000ea6        0x6 ./Core/Src/stm32f4xx_it.o
                0x0000000008000ea6                MemManage_Handler
 .text.BusFault_Handler
                0x0000000008000eac        0x6 ./Core/Src/stm32f4xx_it.o
                0x0000000008000eac                BusFault_Handler
 .text.UsageFault_Handler
                0x0000000008000eb2        0x6 ./Core/Src/stm32f4xx_it.o
                0x0000000008000eb2                UsageFault_Handler
 .text.SVC_Handler
                0x0000000008000eb8        0xe ./Core/Src/stm32f4xx_it.o
                0x0000000008000eb8                SVC_Handler
 .text.DebugMon_Handler
                0x0000000008000ec6        0xe ./Core/Src/stm32f4xx_it.o
                0x0000000008000ec6                DebugMon_Handler
 .text.PendSV_Handler
                0x0000000008000ed4        0xe ./Core/Src/stm32f4xx_it.o
                0x0000000008000ed4                PendSV_Handler
 .text.SysTick_Handler
                0x0000000008000ee2        0xc ./Core/Src/stm32f4xx_it.o
                0x0000000008000ee2                SysTick_Handler
 *fill*         0x0000000008000eee        0x2 
 .text.SystemInit
                0x0000000008000ef0       0x24 ./Core/Src/system_stm32f4xx.o
                0x0000000008000ef0                SystemInit
 .text.HAL_UART_MspInit
                0x0000000008000f14       0x90 ./Core/Src/usart.o
                0x0000000008000f14                HAL_UART_MspInit
 .text.Reset_Handler
                0x0000000008000fa4       0x50 ./Core/Startup/startup_stm32f407vgtx.o
                0x0000000008000fa4                Reset_Handler
 .text.Default_Handler
                0x0000000008000ff4        0x2 ./Core/Startup/startup_stm32f407vgtx.o
                0x0000000008000ff4                RTC_Alarm_IRQHandler
                0x0000000008000ff4                HASH_RNG_IRQHandler
                0x0000000008000ff4                EXTI2_IRQHandler
                0x0000000008000ff4                TIM8_CC_IRQHandler
                0x0000000008000ff4                TIM1_CC_IRQHandler
                0x0000000008000ff4                DMA2_Stream5_IRQHandler
                0x0000000008000ff4                DMA1_Stream5_IRQHandler
                0x0000000008000ff4                PVD_IRQHandler
                0x0000000008000ff4                SDIO_IRQHandler
                0x0000000008000ff4                TAMP_STAMP_IRQHandler
                0x0000000008000ff4                CAN2_RX1_IRQHandler
                0x0000000008000ff4                EXTI3_IRQHandler
                0x0000000008000ff4                TIM8_TRG_COM_TIM14_IRQHandler
                0x0000000008000ff4                TIM1_UP_TIM10_IRQHandler
                0x0000000008000ff4                TIM8_UP_TIM13_IRQHandler
                0x0000000008000ff4                I2C3_ER_IRQHandler
                0x0000000008000ff4                EXTI0_IRQHandler
                0x0000000008000ff4                I2C2_EV_IRQHandler
                0x0000000008000ff4                DMA1_Stream2_IRQHandler
                0x0000000008000ff4                CAN1_RX0_IRQHandler
                0x0000000008000ff4                FPU_IRQHandler
                0x0000000008000ff4                OTG_HS_WKUP_IRQHandler
                0x0000000008000ff4                CAN2_SCE_IRQHandler
                0x0000000008000ff4                DMA2_Stream2_IRQHandler
                0x0000000008000ff4                SPI1_IRQHandler
                0x0000000008000ff4                TIM6_DAC_IRQHandler
                0x0000000008000ff4                TIM1_BRK_TIM9_IRQHandler
                0x0000000008000ff4                DCMI_IRQHandler
                0x0000000008000ff4                CAN2_RX0_IRQHandler
                0x0000000008000ff4                DMA2_Stream3_IRQHandler
                0x0000000008000ff4                USART6_IRQHandler
                0x0000000008000ff4                USART3_IRQHandler
                0x0000000008000ff4                CAN1_RX1_IRQHandler
                0x0000000008000ff4                UART5_IRQHandler
                0x0000000008000ff4                DMA2_Stream0_IRQHandler
                0x0000000008000ff4                TIM4_IRQHandler
                0x0000000008000ff4                I2C1_EV_IRQHandler
                0x0000000008000ff4                DMA1_Stream6_IRQHandler
                0x0000000008000ff4                DMA1_Stream1_IRQHandler
                0x0000000008000ff4                UART4_IRQHandler
                0x0000000008000ff4                TIM3_IRQHandler
                0x0000000008000ff4                RCC_IRQHandler
                0x0000000008000ff4                TIM8_BRK_TIM12_IRQHandler
                0x0000000008000ff4                Default_Handler
                0x0000000008000ff4                EXTI15_10_IRQHandler
                0x0000000008000ff4                ADC_IRQHandler
                0x0000000008000ff4                DMA1_Stream7_IRQHandler
                0x0000000008000ff4                TIM7_IRQHandler
                0x0000000008000ff4                CAN2_TX_IRQHandler
                0x0000000008000ff4                TIM5_IRQHandler
                0x0000000008000ff4                DMA2_Stream7_IRQHandler
                0x0000000008000ff4                I2C3_EV_IRQHandler
                0x0000000008000ff4                EXTI9_5_IRQHandler
                0x0000000008000ff4                RTC_WKUP_IRQHandler
                0x0000000008000ff4                ETH_WKUP_IRQHandler
                0x0000000008000ff4                SPI2_IRQHandler
                0x0000000008000ff4                OTG_HS_EP1_IN_IRQHandler
                0x0000000008000ff4                DMA1_Stream0_IRQHandler
                0x0000000008000ff4                CAN1_TX_IRQHandler
                0x0000000008000ff4                EXTI4_IRQHandler
                0x0000000008000ff4                FSMC_IRQHandler
                0x0000000008000ff4                ETH_IRQHandler
                0x0000000008000ff4                OTG_HS_EP1_OUT_IRQHandler
                0x0000000008000ff4                WWDG_IRQHandler
                0x0000000008000ff4                TIM2_IRQHandler
                0x0000000008000ff4                OTG_FS_WKUP_IRQHandler
                0x0000000008000ff4                TIM1_TRG_COM_TIM11_IRQHandler
                0x0000000008000ff4                OTG_HS_IRQHandler
                0x0000000008000ff4                EXTI1_IRQHandler
                0x0000000008000ff4                USART2_IRQHandler
                0x0000000008000ff4                I2C2_ER_IRQHandler
                0x0000000008000ff4                DMA2_Stream1_IRQHandler
                0x0000000008000ff4                CAN1_SCE_IRQHandler
                0x0000000008000ff4                FLASH_IRQHandler
                0x0000000008000ff4                DMA2_Stream4_IRQHandler
                0x0000000008000ff4                USART1_IRQHandler
                0x0000000008000ff4                OTG_FS_IRQHandler
                0x0000000008000ff4                SPI3_IRQHandler
                0x0000000008000ff4                DMA1_Stream4_IRQHandler
                0x0000000008000ff4                I2C1_ER_IRQHandler
                0x0000000008000ff4                DMA2_Stream6_IRQHandler
                0x0000000008000ff4                DMA1_Stream3_IRQHandler
 *fill*         0x0000000008000ff6        0x2 
 .text.HAL_Init
                0x0000000008000ff8       0x44 ./Drivers/STM32F4xx_HAL_Driver/Src/stm32f4xx_hal.o
                0x0000000008000ff8                HAL_Init
 .text.HAL_MspInit
                0x000000000800103c        0xe ./Drivers/STM32F4xx_HAL_Driver/Src/stm32f4xx_hal.o
                0x000000000800103c                HAL_MspInit
 *fill*         0x000000000800104a        0x2 
 .text.HAL_InitTick
                0x000000000800104c       0x60 ./Drivers/STM32F4xx_HAL_Driver/Src/stm32f4xx_hal.o
                0x000000000800104c                HAL_InitTick
 .text.HAL_IncTick
                0x00000000080010ac       0x28 ./Drivers/STM32F4xx_HAL_Driver/Src/stm32f4xx_hal.o
                0x00000000080010ac                HAL_IncTick
 .text.HAL_GetTick
                0x00000000080010d4       0x18 ./Drivers/STM32F4xx_HAL_Driver/Src/stm32f4xx_hal.o
                0x00000000080010d4                HAL_GetTick
 .text.HAL_Delay
                0x00000000080010ec       0x48 ./Drivers/STM32F4xx_HAL_Driver/Src/stm32f4xx_hal.o
                0x00000000080010ec                HAL_Delay
 .text.__NVIC_SetPriorityGrouping
                0x0000000008001134       0x48 ./Drivers/STM32F4xx_HAL_Driver/Src/stm32f4xx_hal_cortex.o
 .text.__NVIC_GetPriorityGrouping
                0x000000000800117c       0x1c ./Drivers/STM32F4xx_HAL_Driver/Src/stm32f4xx_hal_cortex.o
 .text.__NVIC_SetPriority
                0x0000000008001198       0x54 ./Drivers/STM32F4xx_HAL_Driver/Src/stm32f4xx_hal_cortex.o
 .text.NVIC_EncodePriority
                0x00000000080011ec       0x66 ./Drivers/STM32F4xx_HAL_Driver/Src/stm32f4xx_hal_cortex.o
 *fill*         0x0000000008001252        0x2 
 .text.SysTick_Config
                0x0000000008001254       0x44 ./Drivers/STM32F4xx_HAL_Driver/Src/stm32f4xx_hal_cortex.o
 .text.HAL_NVIC_SetPriorityGrouping
                0x0000000008001298       0x16 ./Drivers/STM32F4xx_HAL_Driver/Src/stm32f4xx_hal_cortex.o
                0x0000000008001298                HAL_NVIC_SetPriorityGrouping
 .text.HAL_NVIC_SetPriority
                0x00000000080012ae       0x38 ./Drivers/STM32F4xx_HAL_Driver/Src/stm32f4xx_hal_cortex.o
                0x00000000080012ae                HAL_NVIC_SetPriority
 .text.HAL_SYSTICK_Config
                0x00000000080012e6       0x18 ./Drivers/STM32F4xx_HAL_Driver/Src/stm32f4xx_hal_cortex.o
                0x00000000080012e6                HAL_SYSTICK_Config
 .text.HAL_CRC_Init
                0x00000000080012fe       0x38 ./Drivers/STM32F4xx_HAL_Driver/Src/stm32f4xx_hal_crc.o
                0x00000000080012fe                HAL_CRC_Init
 .text.HAL_CRC_Accumulate
                0x0000000008001336       0x56 ./Drivers/STM32F4xx_HAL_Driver/Src/stm32f4xx_hal_crc.o
                0x0000000008001336                HAL_CRC_Accumulate
 .text.HAL_FLASH_Program
                0x000000000800138c       0xa8 ./Drivers/STM32F4xx_HAL_Driver/Src/stm32f4xx_hal_flash.o
                0x000000000800138c                HAL_FLASH_Program
 .text.HAL_FLASH_Unlock
                0x0000000008001434       0x44 ./Drivers/STM32F4xx_HAL_Driver/Src/stm32f4xx_hal_flash.o
                0x0000000008001434                HAL_FLASH_Unlock
 .text.HAL_FLASH_Lock
                0x0000000008001478       0x20 ./Drivers/STM32F4xx_HAL_Driver/Src/stm32f4xx_hal_flash.o
                0x0000000008001478                HAL_FLASH_Lock
 .text.FLASH_WaitForLastOperation
                0x0000000008001498       0x80 ./Drivers/STM32F4xx_HAL_Driver/Src/stm32f4xx_hal_flash.o
                0x0000000008001498                FLASH_WaitForLastOperation
 .text.FLASH_Program_DoubleWord
                0x0000000008001518       0x64 ./Drivers/STM32F4xx_HAL_Driver/Src/stm32f4xx_hal_flash.o
 .text.FLASH_Program_Word
                0x000000000800157c       0x44 ./Drivers/STM32F4xx_HAL_Driver/Src/stm32f4xx_hal_flash.o
 .text.FLASH_Program_HalfWord
                0x00000000080015c0       0x48 ./Drivers/STM32F4xx_HAL_Driver/Src/stm32f4xx_hal_flash.o
 .text.FLASH_Program_Byte
                0x0000000008001608       0x44 ./Drivers/STM32F4xx_HAL_Driver/Src/stm32f4xx_hal_flash.o
 .text.FLASH_SetErrorCode
                0x000000000800164c       0xac ./Drivers/STM32F4xx_HAL_Driver/Src/stm32f4xx_hal_flash.o
 .text.HAL_FLASHEx_Erase
                0x00000000080016f8       0xe0 ./Drivers/STM32F4xx_HAL_Driver/Src/stm32f4xx_hal_flash_ex.o
                0x00000000080016f8                HAL_FLASHEx_Erase
 .text.HAL_FLASHEx_OBGetConfig
                0x00000000080017d8       0x46 ./Drivers/STM32F4xx_HAL_Driver/Src/stm32f4xx_hal_flash_ex.o
                0x00000000080017d8                HAL_FLASHEx_OBGetConfig
 *fill*         0x000000000800181e        0x2 
 .text.FLASH_MassErase
                0x0000000008001820       0x48 ./Drivers/STM32F4xx_HAL_Driver/Src/stm32f4xx_hal_flash_ex.o
 .text.FLASH_Erase_Sector
                0x0000000008001868       0x90 ./Drivers/STM32F4xx_HAL_Driver/Src/stm32f4xx_hal_flash_ex.o
                0x0000000008001868                FLASH_Erase_Sector
 .text.FLASH_OB_GetUser
                0x00000000080018f8       0x20 ./Drivers/STM32F4xx_HAL_Driver/Src/stm32f4xx_hal_flash_ex.o
 .text.FLASH_OB_GetWRP
                0x0000000008001918       0x18 ./Drivers/STM32F4xx_HAL_Driver/Src/stm32f4xx_hal_flash_ex.o
 .text.FLASH_OB_GetRDP
                0x0000000008001930       0x40 ./Drivers/STM32F4xx_HAL_Driver/Src/stm32f4xx_hal_flash_ex.o
 .text.FLASH_OB_GetBOR
                0x0000000008001970       0x20 ./Drivers/STM32F4xx_HAL_Driver/Src/stm32f4xx_hal_flash_ex.o
 .text.FLASH_FlushCaches
                0x0000000008001990       0x8c ./Drivers/STM32F4xx_HAL_Driver/Src/stm32f4xx_hal_flash_ex.o
                0x0000000008001990                FLASH_FlushCaches
 .text.HAL_GPIO_Init
                0x0000000008001a1c      0x338 ./Drivers/STM32F4xx_HAL_Driver/Src/stm32f4xx_hal_gpio.o
                0x0000000008001a1c                HAL_GPIO_Init
 .text.HAL_GPIO_WritePin
                0x0000000008001d54       0x32 ./Drivers/STM32F4xx_HAL_Driver/Src/stm32f4xx_hal_gpio.o
                0x0000000008001d54                HAL_GPIO_WritePin
 .text.HAL_GPIO_TogglePin
                0x0000000008001d86       0x34 ./Drivers/STM32F4xx_HAL_Driver/Src/stm32f4xx_hal_gpio.o
                0x0000000008001d86                HAL_GPIO_TogglePin
 *fill*         0x0000000008001dba        0x2 
 .text.HAL_RCC_OscConfig
                0x0000000008001dbc      0x4f0 ./Drivers/STM32F4xx_HAL_Driver/Src/stm32f4xx_hal_rcc.o
                0x0000000008001dbc                HAL_RCC_OscConfig
 .text.HAL_RCC_ClockConfig
                0x00000000080022ac      0x1cc ./Drivers/STM32F4xx_HAL_Driver/Src/stm32f4xx_hal_rcc.o
                0x00000000080022ac                HAL_RCC_ClockConfig
 .text.HAL_RCC_GetSysClockFreq
                0x0000000008002478      0x1c4 ./Drivers/STM32F4xx_HAL_Driver/Src/stm32f4xx_hal_rcc.o
                0x0000000008002478                HAL_RCC_GetSysClockFreq
 .text.HAL_RCC_GetHCLKFreq
                0x000000000800263c       0x18 ./Drivers/STM32F4xx_HAL_Driver/Src/stm32f4xx_hal_rcc.o
                0x000000000800263c                HAL_RCC_GetHCLKFreq
 .text.HAL_RCC_GetPCLK1Freq
                0x0000000008002654       0x28 ./Drivers/STM32F4xx_HAL_Driver/Src/stm32f4xx_hal_rcc.o
                0x0000000008002654                HAL_RCC_GetPCLK1Freq
 .text.HAL_RCC_GetPCLK2Freq
                0x000000000800267c       0x28 ./Drivers/STM32F4xx_HAL_Driver/Src/stm32f4xx_hal_rcc.o
                0x000000000800267c                HAL_RCC_GetPCLK2Freq
 .text.HAL_RCC_DeInit
                0x00000000080026a4      0x19c ./Drivers/STM32F4xx_HAL_Driver/Src/stm32f4xx_hal_rcc_ex.o
                0x00000000080026a4                HAL_RCC_DeInit
 .text.HAL_UART_Init
                0x0000000008002840       0xa0 ./Drivers/STM32F4xx_HAL_Driver/Src/stm32f4xx_hal_uart.o
                0x0000000008002840                HAL_UART_Init
 .text.HAL_UART_Transmit
                0x00000000080028e0      0x116 ./Drivers/STM32F4xx_HAL_Driver/Src/stm32f4xx_hal_uart.o
                0x00000000080028e0                HAL_UART_Transmit
 .text.HAL_UART_Receive
                0x00000000080029f6      0x12e ./Drivers/STM32F4xx_HAL_Driver/Src/stm32f4xx_hal_uart.o
                0x00000000080029f6                HAL_UART_Receive
 .text.UART_WaitOnFlagUntilTimeout
                0x0000000008002b24       0xb2 ./Drivers/STM32F4xx_HAL_Driver/Src/stm32f4xx_hal_uart.o
 .text.UART_EndRxTransfer
                0x0000000008002bd6       0xc6 ./Drivers/STM32F4xx_HAL_Driver/Src/stm32f4xx_hal_uart.o
 .text.UART_SetConfig
                0x0000000008002c9c      0x390 ./Drivers/STM32F4xx_HAL_Driver/Src/stm32f4xx_hal_uart.o
 *(.glue_7)
 .glue_7        0x000000000800302c        0x0 linker stubs
 *(.glue_7t)
 .glue_7t       0x000000000800302c        0x0 linker stubs
 *(.eh_frame)
 .eh_frame      0x000000000800302c        0x0 /usr/lib/gcc/arm-none-eabi/9.2.1/thumb/v7e-m+fp/hard/crtbegin.o
 *(.init)
 .init          0x000000000800302c        0x4 /usr/lib/gcc/arm-none-eabi/9.2.1/thumb/v7e-m+fp/hard/crti.o
                0x000000000800302c                _init
 .init          0x0000000008003030        0x8 /usr/lib/gcc/arm-none-eabi/9.2.1/thumb/v7e-m+fp/hard/crtn.o
 *(.fini)
 .fini          0x0000000008003038        0x4 /usr/lib/gcc/arm-none-eabi/9.2.1/thumb/v7e-m+fp/hard/crti.o
                0x0000000008003038                _fini
 .fini          0x000000000800303c        0x8 /usr/lib/gcc/arm-none-eabi/9.2.1/thumb/v7e-m+fp/hard/crtn.o
                0x0000000008003044                . = ALIGN (0x4)
                0x0000000008003044                _etext = .

.vfp11_veneer   0x0000000008003044        0x0
 .vfp11_veneer  0x0000000008003044        0x0 linker stubs

.v4_bx          0x0000000008003044        0x0
 .v4_bx         0x0000000008003044        0x0 linker stubs

.iplt           0x0000000008003044        0x0
 .iplt          0x0000000008003044        0x0 /usr/lib/gcc/arm-none-eabi/9.2.1/thumb/v7e-m+fp/hard/crtbegin.o

.rodata         0x0000000008003044       0x18
                0x0000000008003044                . = ALIGN (0x4)
 *(.rodata)
 *(.rodata*)
 .rodata.AHBPrescTable
                0x0000000008003044       0x10 ./Core/Src/system_stm32f4xx.o
                0x0000000008003044                AHBPrescTable
 .rodata.APBPrescTable
                0x0000000008003054        0x8 ./Core/Src/system_stm32f4xx.o
                0x0000000008003054                APBPrescTable
                0x000000000800305c                . = ALIGN (0x4)

.ARM.extab      0x000000000800305c        0x0
                0x000000000800305c                . = ALIGN (0x4)
 *(.ARM.extab* .gnu.linkonce.armextab.*)
                0x000000000800305c                . = ALIGN (0x4)

.ARM            0x000000000800305c        0x8
                0x000000000800305c                . = ALIGN (0x4)
                0x000000000800305c                __exidx_start = .
 *(.ARM.exidx*)
 .ARM.exidx     0x000000000800305c        0x8 /usr/lib/gcc/arm-none-eabi/9.2.1/thumb/v7e-m+fp/hard/libgcc.a(_udivmoddi4.o)
                0x0000000008003064                __exidx_end = .
                0x0000000008003064                . = ALIGN (0x4)

.rel.dyn        0x0000000008003064        0x0
 .rel.iplt      0x0000000008003064        0x0 /usr/lib/gcc/arm-none-eabi/9.2.1/thumb/v7e-m+fp/hard/crtbegin.o

.preinit_array  0x0000000008003064        0x0
                0x0000000008003064                . = ALIGN (0x4)
                0x0000000008003064                PROVIDE (__preinit_array_start = .)
 *(.preinit_array*)
                0x0000000008003064                PROVIDE (__preinit_array_end = .)
                0x0000000008003064                . = ALIGN (0x4)

.init_array     0x0000000008003064        0x4
                0x0000000008003064                . = ALIGN (0x4)
                0x0000000008003064                PROVIDE (__init_array_start = .)
 *(SORT_BY_NAME(.init_array.*))
 *(.init_array*)
 .init_array    0x0000000008003064        0x4 /usr/lib/gcc/arm-none-eabi/9.2.1/thumb/v7e-m+fp/hard/crtbegin.o
                0x0000000008003068                PROVIDE (__init_array_end = .)
                0x0000000008003068                . = ALIGN (0x4)

.fini_array     0x0000000008003068        0x4
                0x0000000008003068                . = ALIGN (0x4)
                0x0000000008003068                PROVIDE (__fini_array_start = .)
 *(SORT_BY_NAME(.fini_array.*))
 *(.fini_array*)
 .fini_array    0x0000000008003068        0x4 /usr/lib/gcc/arm-none-eabi/9.2.1/thumb/v7e-m+fp/hard/crtbegin.o
                0x000000000800306c                PROVIDE (__fini_array_end = .)
                0x000000000800306c                . = ALIGN (0x4)
                0x000000000800306c                _sidata = LOADADDR (.data)

.data           0x0000000020000000        0xc load address 0x000000000800306c
                0x0000000020000000                . = ALIGN (0x4)
                0x0000000020000000                _sdata = .
 *(.data)
 *(.data*)
 .data.SystemCoreClock
                0x0000000020000000        0x4 ./Core/Src/system_stm32f4xx.o
                0x0000000020000000                SystemCoreClock
 .data.uwTickPrio
                0x0000000020000004        0x4 ./Drivers/STM32F4xx_HAL_Driver/Src/stm32f4xx_hal.o
                0x0000000020000004                uwTickPrio
 .data.uwTickFreq
                0x0000000020000008        0x1 ./Drivers/STM32F4xx_HAL_Driver/Src/stm32f4xx_hal.o
                0x0000000020000008                uwTickFreq
 *(.RamFunc)
 *(.RamFunc*)
                0x000000002000000c                . = ALIGN (0x4)
 *fill*         0x0000000020000009        0x3 
                0x000000002000000c                _edata = .
                0x0000000008003078                _siccmram = LOADADDR (.ccmram)

.tm_clone_table
                0x000000002000000c        0x0 load address 0x0000000008003078
 .tm_clone_table
                0x000000002000000c        0x0 /usr/lib/gcc/arm-none-eabi/9.2.1/thumb/v7e-m+fp/hard/crtbegin.o
 .tm_clone_table
                0x000000002000000c        0x0 /usr/lib/gcc/arm-none-eabi/9.2.1/thumb/v7e-m+fp/hard/crtend.o

.igot.plt       0x000000002000000c        0x0 load address 0x0000000008003078
 .igot.plt      0x000000002000000c        0x0 /usr/lib/gcc/arm-none-eabi/9.2.1/thumb/v7e-m+fp/hard/crtbegin.o

.ccmram         0x0000000010000000        0x0 load address 0x0000000008003078
                0x0000000010000000                . = ALIGN (0x4)
                0x0000000010000000                _sccmram = .
 *(.ccmram)
 *(.ccmram*)
                0x0000000010000000                . = ALIGN (0x4)
                0x0000000010000000                _eccmram = .
                0x0000000010000000                . = ALIGN (0x4)

.bss            0x000000002000000c      0x140
                0x000000002000000c                _sbss = .
                0x000000002000000c                __bss_start__ = _sbss
 *(.bss)
 .bss           0x000000002000000c       0x1c /usr/lib/gcc/arm-none-eabi/9.2.1/thumb/v7e-m+fp/hard/crtbegin.o
 *(.bss*)
 .bss.BL_Host_Buffer
                0x0000000020000028       0x64 ./Core/Src/bootloader.o
 .bss.appExists
                0x000000002000008c        0x1 ./Core/Src/bootloader.o
 *fill*         0x000000002000008d        0x3 
 .bss.huart1    0x0000000020000090       0x48 ./Core/Src/main.o
 *(COMMON)
 COMMON         0x00000000200000d8        0x8 ./Core/Src/main.o
                0x00000000200000d8                hcrc
 COMMON         0x00000000200000e0       0x48 ./Core/Src/usart.o
                0x00000000200000e0                huart1
 COMMON         0x0000000020000128        0x4 ./Drivers/STM32F4xx_HAL_Driver/Src/stm32f4xx_hal.o
                0x0000000020000128                uwTick
 COMMON         0x000000002000012c       0x20 ./Drivers/STM32F4xx_HAL_Driver/Src/stm32f4xx_hal_flash.o
                0x000000002000012c                pFlash
                0x000000002000014c                . = ALIGN (0x4)
                0x000000002000014c                _ebss = .
                0x000000002000014c                __bss_end__ = _ebss

._user_heap_stack
                0x000000002000014c      0x604
                0x0000000020000150                . = ALIGN (0x8)
 *fill*         0x000000002000014c        0x4 
                [!provide]                        PROVIDE (end = .)
                0x0000000020000150                PROVIDE (_end = .)
                0x0000000020000350                . = (. + _Min_Heap_Size)
 *fill*         0x0000000020000150      0x200 
                0x0000000020000750                . = (. + _Min_Stack_Size)
 *fill*         0x0000000020000350      0x400 
                0x0000000020000750                . = ALIGN (0x8)

/DISCARD/
 libc.a(*)
 libm.a(*)
 libgcc.a(*)

.ARM.attributes
                0x0000000000000000       0x30
 *(.ARM.attributes)
 .ARM.attributes
                0x0000000000000000       0x1e /usr/lib/gcc/arm-none-eabi/9.2.1/thumb/v7e-m+fp/hard/crti.o
 .ARM.attributes
                0x000000000000001e       0x34 /usr/lib/gcc/arm-none-eabi/9.2.1/thumb/v7e-m+fp/hard/crtbegin.o
 .ARM.attributes
                0x0000000000000052       0x34 ./Core/Src/bootloader.o
 .ARM.attributes
                0x0000000000000086       0x34 ./Core/Src/crc.o
 .ARM.attributes
                0x00000000000000ba       0x34 ./Core/Src/main.o
 .ARM.attributes
                0x00000000000000ee       0x34 ./Core/Src/stm32f4xx_it.o
 .ARM.attributes
                0x0000000000000122       0x34 ./Core/Src/system_stm32f4xx.o
 .ARM.attributes
                0x0000000000000156       0x34 ./Core/Src/usart.o
 .ARM.attributes
                0x000000000000018a       0x21 ./Core/Startup/startup_stm32f407vgtx.o
 .ARM.attributes
                0x00000000000001ab       0x34 ./Drivers/STM32F4xx_HAL_Driver/Src/stm32f4xx_hal.o
 .ARM.attributes
                0x00000000000001df       0x34 ./Drivers/STM32F4xx_HAL_Driver/Src/stm32f4xx_hal_cortex.o
 .ARM.attributes
                0x0000000000000213       0x34 ./Drivers/STM32F4xx_HAL_Driver/Src/stm32f4xx_hal_crc.o
 .ARM.attributes
                0x0000000000000247       0x34 ./Drivers/STM32F4xx_HAL_Driver/Src/stm32f4xx_hal_flash.o
 .ARM.attributes
                0x000000000000027b       0x34 ./Drivers/STM32F4xx_HAL_Driver/Src/stm32f4xx_hal_flash_ex.o
 .ARM.attributes
                0x00000000000002af       0x34 ./Drivers/STM32F4xx_HAL_Driver/Src/stm32f4xx_hal_gpio.o
 .ARM.attributes
                0x00000000000002e3       0x34 ./Drivers/STM32F4xx_HAL_Driver/Src/stm32f4xx_hal_rcc.o
 .ARM.attributes
                0x0000000000000317       0x34 ./Drivers/STM32F4xx_HAL_Driver/Src/stm32f4xx_hal_rcc_ex.o
 .ARM.attributes
                0x000000000000034b       0x34 ./Drivers/STM32F4xx_HAL_Driver/Src/stm32f4xx_hal_uart.o
 .ARM.attributes
                0x000000000000037f       0x34 /usr/lib/gcc/arm-none-eabi/9.2.1/../../../arm-none-eabi/lib/thumb/v7e-m+fp/hard/libc_nano.a(lib_a-init.o)
 .ARM.attributes
                0x00000000000003b3       0x34 /usr/lib/gcc/arm-none-eabi/9.2.1/../../../arm-none-eabi/lib/thumb/v7e-m+fp/hard/libc_nano.a(lib_a-memset.o)
 .ARM.attributes
                0x00000000000003e7       0x1e /usr/lib/gcc/arm-none-eabi/9.2.1/thumb/v7e-m+fp/hard/libgcc.a(_aeabi_uldivmod.o)
 .ARM.attributes
                0x0000000000000405       0x34 /usr/lib/gcc/arm-none-eabi/9.2.1/thumb/v7e-m+fp/hard/libgcc.a(_udivmoddi4.o)
 .ARM.attributes
                0x0000000000000439       0x1e /usr/lib/gcc/arm-none-eabi/9.2.1/thumb/v7e-m+fp/hard/libgcc.a(_dvmd_tls.o)
 .ARM.attributes
                0x0000000000000457       0x32 /usr/lib/gcc/arm-none-eabi/9.2.1/thumb/v7e-m+fp/hard/crtend.o
 .ARM.attributes
                0x0000000000000489       0x1e /usr/lib/gcc/arm-none-eabi/9.2.1/thumb/v7e-m+fp/hard/crtn.o
OUTPUT(blink_led.elf elf32-littlearm)
LOAD linker stubs
LOAD /usr/lib/gcc/arm-none-eabi/9.2.1/../../../arm-none-eabi/lib/thumb/v7e-m+fp/hard/libc.a
LOAD /usr/lib/gcc/arm-none-eabi/9.2.1/../../../arm-none-eabi/lib/thumb/v7e-m+fp/hard/libm.a
LOAD /usr/lib/gcc/arm-none-eabi/9.2.1/thumb/v7e-m+fp/hard/libgcc.a

.comment        0x0000000000000000       0xa7
 .comment       0x0000000000000000       0x59 /usr/lib/gcc/arm-none-eabi/9.2.1/thumb/v7e-m+fp/hard/crtbegin.o
                                         0x5a (size before relaxing)
 .comment       0x0000000000000059       0x5a ./Core/Src/bootloader.o
 .comment       0x0000000000000059       0x5a ./Core/Src/crc.o
 .comment       0x0000000000000059       0x5a ./Core/Src/main.o
 .comment       0x0000000000000059       0x5a ./Core/Src/stm32f4xx_it.o
 .comment       0x0000000000000059       0x5a ./Core/Src/system_stm32f4xx.o
 .comment       0x0000000000000059       0x5a ./Core/Src/usart.o
 .comment       0x0000000000000059       0x5a ./Drivers/STM32F4xx_HAL_Driver/Src/stm32f4xx_hal.o
 .comment       0x0000000000000059       0x5a ./Drivers/STM32F4xx_HAL_Driver/Src/stm32f4xx_hal_cortex.o
 .comment       0x0000000000000059       0x5a ./Drivers/STM32F4xx_HAL_Driver/Src/stm32f4xx_hal_crc.o
 .comment       0x0000000000000059       0x5a ./Drivers/STM32F4xx_HAL_Driver/Src/stm32f4xx_hal_flash.o
 .comment       0x0000000000000059       0x5a ./Drivers/STM32F4xx_HAL_Driver/Src/stm32f4xx_hal_flash_ex.o
 .comment       0x0000000000000059       0x5a ./Drivers/STM32F4xx_HAL_Driver/Src/stm32f4xx_hal_gpio.o
 .comment       0x0000000000000059       0x5a ./Drivers/STM32F4xx_HAL_Driver/Src/stm32f4xx_hal_rcc.o
 .comment       0x0000000000000059       0x5a ./Drivers/STM32F4xx_HAL_Driver/Src/stm32f4xx_hal_rcc_ex.o
 .comment       0x0000000000000059       0x5a ./Drivers/STM32F4xx_HAL_Driver/Src/stm32f4xx_hal_uart.o
 .comment       0x0000000000000059       0x4e /usr/lib/gcc/arm-none-eabi/9.2.1/../../../arm-none-eabi/lib/thumb/v7e-m+fp/hard/libc_nano.a(lib_a-init.o)
                                         0x4f (size before relaxing)
 .comment       0x00000000000000a7       0x4f /usr/lib/gcc/arm-none-eabi/9.2.1/../../../arm-none-eabi/lib/thumb/v7e-m+fp/hard/libc_nano.a(lib_a-memset.o)
 .comment       0x00000000000000a7       0x5a /usr/lib/gcc/arm-none-eabi/9.2.1/thumb/v7e-m+fp/hard/libgcc.a(_udivmoddi4.o)
 .comment       0x00000000000000a7       0x5a /usr/lib/gcc/arm-none-eabi/9.2.1/thumb/v7e-m+fp/hard/crtend.o

.debug_info     0x0000000000000000     0xcae1
 .debug_info    0x0000000000000000     0x1678 ./Core/Src/bootloader.o
 .debug_info    0x0000000000001678      0x4ec ./Core/Src/crc.o
 .debug_info    0x0000000000001b64      0xd08 ./Core/Src/main.o
 .debug_info    0x000000000000286c      0x1fe ./Core/Src/stm32f4xx_it.o
 .debug_info    0x0000000000002a6a      0x580 ./Core/Src/system_stm32f4xx.o
 .debug_info    0x0000000000002fea      0x9f8 ./Core/Src/usart.o
 .debug_info    0x00000000000039e2       0x22 ./Core/Startup/startup_stm32f407vgtx.o
 .debug_info    0x0000000000003a04      0x98e ./Drivers/STM32F4xx_HAL_Driver/Src/stm32f4xx_hal.o
 .debug_info    0x0000000000004392      0xec6 ./Drivers/STM32F4xx_HAL_Driver/Src/stm32f4xx_hal_cortex.o
 .debug_info    0x0000000000005258      0x455 ./Drivers/STM32F4xx_HAL_Driver/Src/stm32f4xx_hal_crc.o
 .debug_info    0x00000000000056ad      0x63d ./Drivers/STM32F4xx_HAL_Driver/Src/stm32f4xx_hal_flash.o
 .debug_info    0x0000000000005cea      0x75a ./Drivers/STM32F4xx_HAL_Driver/Src/stm32f4xx_hal_flash_ex.o
 .debug_info    0x0000000000006444      0x80e ./Drivers/STM32F4xx_HAL_Driver/Src/stm32f4xx_hal_gpio.o
 .debug_info    0x0000000000006c52      0x95a ./Drivers/STM32F4xx_HAL_Driver/Src/stm32f4xx_hal_rcc.o
 .debug_info    0x00000000000075ac      0x5df ./Drivers/STM32F4xx_HAL_Driver/Src/stm32f4xx_hal_rcc_ex.o
 .debug_info    0x0000000000007b8b     0x3153 ./Drivers/STM32F4xx_HAL_Driver/Src/stm32f4xx_hal_uart.o
 .debug_info    0x000000000000acde      0x11a /usr/lib/gcc/arm-none-eabi/9.2.1/../../../arm-none-eabi/lib/thumb/v7e-m+fp/hard/libc_nano.a(lib_a-init.o)
 .debug_info    0x000000000000adf8      0xf21 /usr/lib/gcc/arm-none-eabi/9.2.1/../../../arm-none-eabi/lib/thumb/v7e-m+fp/hard/libc_nano.a(lib_a-memset.o)
 .debug_info    0x000000000000bd19       0x26 /usr/lib/gcc/arm-none-eabi/9.2.1/thumb/v7e-m+fp/hard/libgcc.a(_aeabi_uldivmod.o)
 .debug_info    0x000000000000bd3f      0xd7c /usr/lib/gcc/arm-none-eabi/9.2.1/thumb/v7e-m+fp/hard/libgcc.a(_udivmoddi4.o)
 .debug_info    0x000000000000cabb       0x26 /usr/lib/gcc/arm-none-eabi/9.2.1/thumb/v7e-m+fp/hard/libgcc.a(_dvmd_tls.o)

.debug_abbrev   0x0000000000000000     0x2384
 .debug_abbrev  0x0000000000000000      0x2d9 ./Core/Src/bootloader.o
 .debug_abbrev  0x00000000000002d9      0x168 ./Core/Src/crc.o
 .debug_abbrev  0x0000000000000441      0x220 ./Core/Src/main.o
 .debug_abbrev  0x0000000000000661       0xd2 ./Core/Src/stm32f4xx_it.o
 .debug_abbrev  0x0000000000000733      0x145 ./Core/Src/system_stm32f4xx.o
 .debug_abbrev  0x0000000000000878      0x1bb ./Core/Src/usart.o
 .debug_abbrev  0x0000000000000a33       0x12 ./Core/Startup/startup_stm32f407vgtx.o
 .debug_abbrev  0x0000000000000a45      0x1ed ./Drivers/STM32F4xx_HAL_Driver/Src/stm32f4xx_hal.o
 .debug_abbrev  0x0000000000000c32      0x33c ./Drivers/STM32F4xx_HAL_Driver/Src/stm32f4xx_hal_cortex.o
 .debug_abbrev  0x0000000000000f6e      0x1dd ./Drivers/STM32F4xx_HAL_Driver/Src/stm32f4xx_hal_crc.o
 .debug_abbrev  0x000000000000114b      0x27c ./Drivers/STM32F4xx_HAL_Driver/Src/stm32f4xx_hal_flash.o
 .debug_abbrev  0x00000000000013c7      0x24e ./Drivers/STM32F4xx_HAL_Driver/Src/stm32f4xx_hal_flash_ex.o
 .debug_abbrev  0x0000000000001615      0x1f1 ./Drivers/STM32F4xx_HAL_Driver/Src/stm32f4xx_hal_gpio.o
 .debug_abbrev  0x0000000000001806      0x275 ./Drivers/STM32F4xx_HAL_Driver/Src/stm32f4xx_hal_rcc.o
 .debug_abbrev  0x0000000000001a7b      0x18f ./Drivers/STM32F4xx_HAL_Driver/Src/stm32f4xx_hal_rcc_ex.o
 .debug_abbrev  0x0000000000001c0a      0x2eb ./Drivers/STM32F4xx_HAL_Driver/Src/stm32f4xx_hal_uart.o
 .debug_abbrev  0x0000000000001ef5       0xcc /usr/lib/gcc/arm-none-eabi/9.2.1/../../../arm-none-eabi/lib/thumb/v7e-m+fp/hard/libc_nano.a(lib_a-init.o)
 .debug_abbrev  0x0000000000001fc1      0x1d9 /usr/lib/gcc/arm-none-eabi/9.2.1/../../../arm-none-eabi/lib/thumb/v7e-m+fp/hard/libc_nano.a(lib_a-memset.o)
 .debug_abbrev  0x000000000000219a       0x14 /usr/lib/gcc/arm-none-eabi/9.2.1/thumb/v7e-m+fp/hard/libgcc.a(_aeabi_uldivmod.o)
 .debug_abbrev  0x00000000000021ae      0x1c2 /usr/lib/gcc/arm-none-eabi/9.2.1/thumb/v7e-m+fp/hard/libgcc.a(_udivmoddi4.o)
 .debug_abbrev  0x0000000000002370       0x14 /usr/lib/gcc/arm-none-eabi/9.2.1/thumb/v7e-m+fp/hard/libgcc.a(_dvmd_tls.o)

.debug_aranges  0x0000000000000000      0x940
 .debug_aranges
                0x0000000000000000       0x80 ./Core/Src/bootloader.o
 .debug_aranges
                0x0000000000000080       0x30 ./Core/Src/crc.o
 .debug_aranges
                0x00000000000000b0       0x48 ./Core/Src/main.o
 .debug_aranges
                0x00000000000000f8       0x60 ./Core/Src/stm32f4xx_it.o
 .debug_aranges
                0x0000000000000158       0x28 ./Core/Src/system_stm32f4xx.o
 .debug_aranges
                0x0000000000000180       0x30 ./Core/Src/usart.o
 .debug_aranges
                0x00000000000001b0       0x28 ./Core/Startup/startup_stm32f407vgtx.o
 .debug_aranges
                0x00000000000001d8       0xf0 ./Drivers/STM32F4xx_HAL_Driver/Src/stm32f4xx_hal.o
 .debug_aranges
                0x00000000000002c8      0x120 ./Drivers/STM32F4xx_HAL_Driver/Src/stm32f4xx_hal_cortex.o
 .debug_aranges
                0x00000000000003e8       0x50 ./Drivers/STM32F4xx_HAL_Driver/Src/stm32f4xx_hal_crc.o
 .debug_aranges
                0x0000000000000438       0xa0 ./Drivers/STM32F4xx_HAL_Driver/Src/stm32f4xx_hal_flash.o
 .debug_aranges
                0x00000000000004d8       0x98 ./Drivers/STM32F4xx_HAL_Driver/Src/stm32f4xx_hal_flash_ex.o
 .debug_aranges
                0x0000000000000570       0x58 ./Drivers/STM32F4xx_HAL_Driver/Src/stm32f4xx_hal_gpio.o
 .debug_aranges
                0x00000000000005c8       0x88 ./Drivers/STM32F4xx_HAL_Driver/Src/stm32f4xx_hal_rcc.o
 .debug_aranges
                0x0000000000000650       0x48 ./Drivers/STM32F4xx_HAL_Driver/Src/stm32f4xx_hal_rcc_ex.o
 .debug_aranges
                0x0000000000000698      0x208 ./Drivers/STM32F4xx_HAL_Driver/Src/stm32f4xx_hal_uart.o
 .debug_aranges
                0x00000000000008a0       0x20 /usr/lib/gcc/arm-none-eabi/9.2.1/../../../arm-none-eabi/lib/thumb/v7e-m+fp/hard/libc_nano.a(lib_a-init.o)
 .debug_aranges
                0x00000000000008c0       0x20 /usr/lib/gcc/arm-none-eabi/9.2.1/../../../arm-none-eabi/lib/thumb/v7e-m+fp/hard/libc_nano.a(lib_a-memset.o)
 .debug_aranges
                0x00000000000008e0       0x20 /usr/lib/gcc/arm-none-eabi/9.2.1/thumb/v7e-m+fp/hard/libgcc.a(_aeabi_uldivmod.o)
 .debug_aranges
                0x0000000000000900       0x20 /usr/lib/gcc/arm-none-eabi/9.2.1/thumb/v7e-m+fp/hard/libgcc.a(_udivmoddi4.o)
 .debug_aranges
                0x0000000000000920       0x20 /usr/lib/gcc/arm-none-eabi/9.2.1/thumb/v7e-m+fp/hard/libgcc.a(_dvmd_tls.o)

.debug_ranges   0x0000000000000000      0x8a0
 .debug_ranges  0x0000000000000000       0x70 ./Core/Src/bootloader.o
 .debug_ranges  0x0000000000000070       0x20 ./Core/Src/crc.o
 .debug_ranges  0x0000000000000090       0x38 ./Core/Src/main.o
 .debug_ranges  0x00000000000000c8       0x50 ./Core/Src/stm32f4xx_it.o
 .debug_ranges  0x0000000000000118       0x18 ./Core/Src/system_stm32f4xx.o
 .debug_ranges  0x0000000000000130       0x20 ./Core/Src/usart.o
 .debug_ranges  0x0000000000000150       0x20 ./Core/Startup/startup_stm32f407vgtx.o
 .debug_ranges  0x0000000000000170       0xe0 ./Drivers/STM32F4xx_HAL_Driver/Src/stm32f4xx_hal.o
 .debug_ranges  0x0000000000000250      0x110 ./Drivers/STM32F4xx_HAL_Driver/Src/stm32f4xx_hal_cortex.o
 .debug_ranges  0x0000000000000360       0x40 ./Drivers/STM32F4xx_HAL_Driver/Src/stm32f4xx_hal_crc.o
 .debug_ranges  0x00000000000003a0       0x90 ./Drivers/STM32F4xx_HAL_Driver/Src/stm32f4xx_hal_flash.o
 .debug_ranges  0x0000000000000430       0x88 ./Drivers/STM32F4xx_HAL_Driver/Src/stm32f4xx_hal_flash_ex.o
 .debug_ranges  0x00000000000004b8       0x48 ./Drivers/STM32F4xx_HAL_Driver/Src/stm32f4xx_hal_gpio.o
 .debug_ranges  0x0000000000000500       0x78 ./Drivers/STM32F4xx_HAL_Driver/Src/stm32f4xx_hal_rcc.o
 .debug_ranges  0x0000000000000578       0x38 ./Drivers/STM32F4xx_HAL_Driver/Src/stm32f4xx_hal_rcc_ex.o
 .debug_ranges  0x00000000000005b0      0x228 ./Drivers/STM32F4xx_HAL_Driver/Src/stm32f4xx_hal_uart.o
 .debug_ranges  0x00000000000007d8       0xc8 /usr/lib/gcc/arm-none-eabi/9.2.1/thumb/v7e-m+fp/hard/libgcc.a(_udivmoddi4.o)

.debug_macro    0x0000000000000000    0x20a78
 .debug_macro   0x0000000000000000      0x350 ./Core/Src/bootloader.o
 .debug_macro   0x0000000000000350      0xaa8 ./Core/Src/bootloader.o
 .debug_macro   0x0000000000000df8       0x58 ./Core/Src/bootloader.o
 .debug_macro   0x0000000000000e50       0x22 ./Core/Src/bootloader.o
 .debug_macro   0x0000000000000e72       0x46 ./Core/Src/bootloader.o
 .debug_macro   0x0000000000000eb8       0x18 ./Core/Src/bootloader.o
 .debug_macro   0x0000000000000ed0       0x94 ./Core/Src/bootloader.o
 .debug_macro   0x0000000000000f64       0x3c ./Core/Src/bootloader.o
 .debug_macro   0x0000000000000fa0       0x34 ./Core/Src/bootloader.o
 .debug_macro   0x0000000000000fd4       0x16 ./Core/Src/bootloader.o
 .debug_macro   0x0000000000000fea       0x57 ./Core/Src/bootloader.o
 .debug_macro   0x0000000000001041       0x97 ./Core/Src/bootloader.o
 .debug_macro   0x00000000000010d8      0x339 ./Core/Src/bootloader.o
 .debug_macro   0x0000000000001411       0xfd ./Core/Src/bootloader.o
 .debug_macro   0x000000000000150e       0x16 ./Core/Src/bootloader.o
 .debug_macro   0x0000000000001524       0x43 ./Core/Src/bootloader.o
 .debug_macro   0x0000000000001567       0x34 ./Core/Src/bootloader.o
 .debug_macro   0x000000000000159b       0x10 ./Core/Src/bootloader.o
 .debug_macro   0x00000000000015ab       0x52 ./Core/Src/bootloader.o
 .debug_macro   0x00000000000015fd       0x71 ./Core/Src/bootloader.o
 .debug_macro   0x000000000000166e       0x1c ./Core/Src/bootloader.o
 .debug_macro   0x000000000000168a      0x12a ./Core/Src/bootloader.o
 .debug_macro   0x00000000000017b4       0x10 ./Core/Src/bootloader.o
 .debug_macro   0x00000000000017c4       0x6a ./Core/Src/bootloader.o
 .debug_macro   0x000000000000182e       0x1c ./Core/Src/bootloader.o
 .debug_macro   0x000000000000184a       0x52 ./Core/Src/bootloader.o
 .debug_macro   0x000000000000189c       0x22 ./Core/Src/bootloader.o
 .debug_macro   0x00000000000018be       0x10 ./Core/Src/bootloader.o
 .debug_macro   0x00000000000018ce       0x40 ./Core/Src/bootloader.o
 .debug_macro   0x000000000000190e       0xd5 ./Core/Src/bootloader.o
 .debug_macro   0x00000000000019e3       0x1c ./Core/Src/bootloader.o
 .debug_macro   0x00000000000019ff       0x3d ./Core/Src/bootloader.o
 .debug_macro   0x0000000000001a3c       0x16 ./Core/Src/bootloader.o
 .debug_macro   0x0000000000001a52      0x145 ./Core/Src/bootloader.o
 .debug_macro   0x0000000000001b97       0x16 ./Core/Src/bootloader.o
 .debug_macro   0x0000000000001bad       0x35 ./Core/Src/bootloader.o
 .debug_macro   0x0000000000001be2      0x100 ./Core/Src/bootloader.o
 .debug_macro   0x0000000000001ce2      0x29b ./Core/Src/bootloader.o
 .debug_macro   0x0000000000001f7d       0x2e ./Core/Src/bootloader.o
 .debug_macro   0x0000000000001fab       0x2f ./Core/Src/bootloader.o
 .debug_macro   0x0000000000001fda      0x34e ./Core/Src/bootloader.o
 .debug_macro   0x0000000000002328       0x1c ./Core/Src/bootloader.o
 .debug_macro   0x0000000000002344       0x22 ./Core/Src/bootloader.o
 .debug_macro   0x0000000000002366       0xfb ./Core/Src/bootloader.o
 .debug_macro   0x0000000000002461     0x1011 ./Core/Src/bootloader.o
 .debug_macro   0x0000000000003472      0x11f ./Core/Src/bootloader.o
 .debug_macro   0x0000000000003591    0x15e97 ./Core/Src/bootloader.o
 .debug_macro   0x0000000000019428       0x6d ./Core/Src/bootloader.o
 .debug_macro   0x0000000000019495     0x368c ./Core/Src/bootloader.o
 .debug_macro   0x000000000001cb21       0x56 ./Core/Src/bootloader.o
 .debug_macro   0x000000000001cb77      0x980 ./Core/Src/bootloader.o
 .debug_macro   0x000000000001d4f7      0x9e9 ./Core/Src/bootloader.o
 .debug_macro   0x000000000001dee0      0x115 ./Core/Src/bootloader.o
 .debug_macro   0x000000000001dff5      0x13e ./Core/Src/bootloader.o
 .debug_macro   0x000000000001e133       0xa5 ./Core/Src/bootloader.o
 .debug_macro   0x000000000001e1d8      0x174 ./Core/Src/bootloader.o
 .debug_macro   0x000000000001e34c      0x287 ./Core/Src/bootloader.o
 .debug_macro   0x000000000001e5d3       0x5f ./Core/Src/bootloader.o
 .debug_macro   0x000000000001e632      0x236 ./Core/Src/bootloader.o
 .debug_macro   0x000000000001e868       0x22 ./Core/Src/bootloader.o
 .debug_macro   0x000000000001e88a      0x12c ./Core/Src/bootloader.o
 .debug_macro   0x000000000001e9b6      0x21e ./Core/Src/bootloader.o
 .debug_macro   0x000000000001ebd4       0x2e ./Core/Src/bootloader.o
 .debug_macro   0x000000000001ec02      0x127 ./Core/Src/bootloader.o
 .debug_macro   0x000000000001ed29       0x7e ./Core/Src/bootloader.o
 .debug_macro   0x000000000001eda7       0x89 ./Core/Src/bootloader.o
 .debug_macro   0x000000000001ee30      0x2aa ./Core/Src/bootloader.o
 .debug_macro   0x000000000001f0da      0x12d ./Core/Src/bootloader.o
 .debug_macro   0x000000000001f207      0x18f ./Core/Src/crc.o
 .debug_macro   0x000000000001f396      0x101 ./Core/Src/crc.o
 .debug_macro   0x000000000001f497      0x174 ./Core/Src/crc.o
 .debug_macro   0x000000000001f60b       0x5c ./Core/Src/crc.o
 .debug_macro   0x000000000001f667      0x18e ./Core/Src/main.o
 .debug_macro   0x000000000001f7f5      0x18f ./Core/Src/stm32f4xx_it.o
 .debug_macro   0x000000000001f984      0x17b ./Core/Src/system_stm32f4xx.o
 .debug_macro   0x000000000001faff      0x18f ./Core/Src/usart.o
 .debug_macro   0x000000000001fc8e      0x1db ./Drivers/STM32F4xx_HAL_Driver/Src/stm32f4xx_hal.o
 .debug_macro   0x000000000001fe69      0x17b ./Drivers/STM32F4xx_HAL_Driver/Src/stm32f4xx_hal_cortex.o
 .debug_macro   0x000000000001ffe4      0x17b ./Drivers/STM32F4xx_HAL_Driver/Src/stm32f4xx_hal_crc.o
 .debug_macro   0x000000000002015f      0x181 ./Drivers/STM32F4xx_HAL_Driver/Src/stm32f4xx_hal_flash.o
 .debug_macro   0x00000000000202e0      0x181 ./Drivers/STM32F4xx_HAL_Driver/Src/stm32f4xx_hal_flash_ex.o
 .debug_macro   0x0000000000020461      0x181 ./Drivers/STM32F4xx_HAL_Driver/Src/stm32f4xx_hal_gpio.o
 .debug_macro   0x00000000000205e2      0x19f ./Drivers/STM32F4xx_HAL_Driver/Src/stm32f4xx_hal_rcc.o
 .debug_macro   0x0000000000020781      0x17b ./Drivers/STM32F4xx_HAL_Driver/Src/stm32f4xx_hal_rcc_ex.o
 .debug_macro   0x00000000000208fc      0x17c ./Drivers/STM32F4xx_HAL_Driver/Src/stm32f4xx_hal_uart.o

.debug_line     0x0000000000000000     0x8aa8
 .debug_line    0x0000000000000000      0x99c ./Core/Src/bootloader.o
 .debug_line    0x000000000000099c      0x3de ./Core/Src/crc.o
 .debug_line    0x0000000000000d7a      0x4bb ./Core/Src/main.o
 .debug_line    0x0000000000001235      0x465 ./Core/Src/stm32f4xx_it.o
 .debug_line    0x000000000000169a      0x424 ./Core/Src/system_stm32f4xx.o
 .debug_line    0x0000000000001abe      0x40c ./Core/Src/usart.o
 .debug_line    0x0000000000001eca       0x88 ./Core/Startup/startup_stm32f407vgtx.o
 .debug_line    0x0000000000001f52      0x68a ./Drivers/STM32F4xx_HAL_Driver/Src/stm32f4xx_hal.o
 .debug_line    0x00000000000025dc      0x956 ./Drivers/STM32F4xx_HAL_Driver/Src/stm32f4xx_hal_cortex.o
 .debug_line    0x0000000000002f32      0x4e9 ./Drivers/STM32F4xx_HAL_Driver/Src/stm32f4xx_hal_crc.o
 .debug_line    0x000000000000341b      0x712 ./Drivers/STM32F4xx_HAL_Driver/Src/stm32f4xx_hal_flash.o
 .debug_line    0x0000000000003b2d      0x738 ./Drivers/STM32F4xx_HAL_Driver/Src/stm32f4xx_hal_flash_ex.o
 .debug_line    0x0000000000004265      0x7fe ./Drivers/STM32F4xx_HAL_Driver/Src/stm32f4xx_hal_gpio.o
 .debug_line    0x0000000000004a63      0xa06 ./Drivers/STM32F4xx_HAL_Driver/Src/stm32f4xx_hal_rcc.o
 .debug_line    0x0000000000005469      0x6a3 ./Drivers/STM32F4xx_HAL_Driver/Src/stm32f4xx_hal_rcc_ex.o
 .debug_line    0x0000000000005b0c     0x254a ./Drivers/STM32F4xx_HAL_Driver/Src/stm32f4xx_hal_uart.o
 .debug_line    0x0000000000008056      0x10d /usr/lib/gcc/arm-none-eabi/9.2.1/../../../arm-none-eabi/lib/thumb/v7e-m+fp/hard/libc_nano.a(lib_a-init.o)
 .debug_line    0x0000000000008163      0x26b /usr/lib/gcc/arm-none-eabi/9.2.1/../../../arm-none-eabi/lib/thumb/v7e-m+fp/hard/libc_nano.a(lib_a-memset.o)
 .debug_line    0x00000000000083ce       0x60 /usr/lib/gcc/arm-none-eabi/9.2.1/thumb/v7e-m+fp/hard/libgcc.a(_aeabi_uldivmod.o)
 .debug_line    0x000000000000842e      0x61a /usr/lib/gcc/arm-none-eabi/9.2.1/thumb/v7e-m+fp/hard/libgcc.a(_udivmoddi4.o)
 .debug_line    0x0000000000008a48       0x60 /usr/lib/gcc/arm-none-eabi/9.2.1/thumb/v7e-m+fp/hard/libgcc.a(_dvmd_tls.o)

.debug_str      0x0000000000000000    0xc52c9
 .debug_str     0x0000000000000000    0xc1939 ./Core/Src/bootloader.o
                                      0xc1d62 (size before relaxing)
 .debug_str     0x00000000000c1939      0x149 ./Core/Src/crc.o
                                      0xbcbc4 (size before relaxing)
 .debug_str     0x00000000000c1a82      0x201 ./Core/Src/main.o
                                      0xbd654 (size before relaxing)
 .debug_str     0x00000000000c1c83       0xbd ./Core/Src/stm32f4xx_it.o
                                      0xbca21 (size before relaxing)
 .debug_str     0x00000000000c1d40       0xaf ./Core/Src/system_stm32f4xx.o
                                      0xbcb05 (size before relaxing)
 .debug_str     0x00000000000c1def       0x43 ./Core/Src/usart.o
                                      0xbcfb2 (size before relaxing)
 .debug_str     0x00000000000c1e32       0x34 ./Core/Startup/startup_stm32f407vgtx.o
                                         0x61 (size before relaxing)
 .debug_str     0x00000000000c1e66      0xa34 ./Drivers/STM32F4xx_HAL_Driver/Src/stm32f4xx_hal.o
                                      0xbd5e7 (size before relaxing)
 .debug_str     0x00000000000c289a      0x39f ./Drivers/STM32F4xx_HAL_Driver/Src/stm32f4xx_hal_cortex.o
                                      0xbd3ed (size before relaxing)
 .debug_str     0x00000000000c2c39       0xaa ./Drivers/STM32F4xx_HAL_Driver/Src/stm32f4xx_hal_crc.o
                                      0xbcb54 (size before relaxing)
 .debug_str     0x00000000000c2ce3      0x2a7 ./Drivers/STM32F4xx_HAL_Driver/Src/stm32f4xx_hal_flash.o
                                      0xbccda (size before relaxing)
 .debug_str     0x00000000000c2f8a      0x1a7 ./Drivers/STM32F4xx_HAL_Driver/Src/stm32f4xx_hal_flash_ex.o
                                      0xbcd4b (size before relaxing)
 .debug_str     0x00000000000c3131      0x15a ./Drivers/STM32F4xx_HAL_Driver/Src/stm32f4xx_hal_gpio.o
                                      0xbcca1 (size before relaxing)
 .debug_str     0x00000000000c328b      0x24e ./Drivers/STM32F4xx_HAL_Driver/Src/stm32f4xx_hal_rcc.o
                                      0xbcef1 (size before relaxing)
 .debug_str     0x00000000000c34d9      0x179 ./Drivers/STM32F4xx_HAL_Driver/Src/stm32f4xx_hal_rcc_ex.o
                                      0xbcc4f (size before relaxing)
 .debug_str     0x00000000000c3652      0x62a ./Drivers/STM32F4xx_HAL_Driver/Src/stm32f4xx_hal_uart.o
                                      0xbd4b9 (size before relaxing)
 .debug_str     0x00000000000c3c7c      0x187 /usr/lib/gcc/arm-none-eabi/9.2.1/../../../arm-none-eabi/lib/thumb/v7e-m+fp/hard/libc_nano.a(lib_a-init.o)
                                        0x229 (size before relaxing)
 .debug_str     0x00000000000c3e03      0x31e /usr/lib/gcc/arm-none-eabi/9.2.1/../../../arm-none-eabi/lib/thumb/v7e-m+fp/hard/libc_nano.a(lib_a-memset.o)
                                        0x90f (size before relaxing)
 .debug_str     0x00000000000c4121       0x97 /usr/lib/gcc/arm-none-eabi/9.2.1/thumb/v7e-m+fp/hard/libgcc.a(_aeabi_uldivmod.o)
                                         0xa3 (size before relaxing)
 .debug_str     0x00000000000c41b8     0x10e1 /usr/lib/gcc/arm-none-eabi/9.2.1/thumb/v7e-m+fp/hard/libgcc.a(_udivmoddi4.o)
                                       0x11e6 (size before relaxing)
 .debug_str     0x00000000000c5299       0x30 /usr/lib/gcc/arm-none-eabi/9.2.1/thumb/v7e-m+fp/hard/libgcc.a(_dvmd_tls.o)
                                         0xa7 (size before relaxing)

.debug_frame    0x0000000000000000     0x214c
 .debug_frame   0x0000000000000000      0x1e8 ./Core/Src/bootloader.o
 .debug_frame   0x00000000000001e8       0x7c ./Core/Src/crc.o
 .debug_frame   0x0000000000000264       0xc4 ./Core/Src/main.o
 .debug_frame   0x0000000000000328      0x104 ./Core/Src/stm32f4xx_it.o
 .debug_frame   0x000000000000042c       0x58 ./Core/Src/system_stm32f4xx.o
 .debug_frame   0x0000000000000484       0x74 ./Core/Src/usart.o
 .debug_frame   0x00000000000004f8      0x374 ./Drivers/STM32F4xx_HAL_Driver/Src/stm32f4xx_hal.o
 .debug_frame   0x000000000000086c      0x4b8 ./Drivers/STM32F4xx_HAL_Driver/Src/stm32f4xx_hal_cortex.o
 .debug_frame   0x0000000000000d24      0x120 ./Drivers/STM32F4xx_HAL_Driver/Src/stm32f4xx_hal_crc.o
 .debug_frame   0x0000000000000e44      0x274 ./Drivers/STM32F4xx_HAL_Driver/Src/stm32f4xx_hal_flash.o
 .debug_frame   0x00000000000010b8      0x250 ./Drivers/STM32F4xx_HAL_Driver/Src/stm32f4xx_hal_flash_ex.o
 .debug_frame   0x0000000000001308      0x14c ./Drivers/STM32F4xx_HAL_Driver/Src/stm32f4xx_hal_gpio.o
 .debug_frame   0x0000000000001454      0x1f0 ./Drivers/STM32F4xx_HAL_Driver/Src/stm32f4xx_hal_rcc.o
 .debug_frame   0x0000000000001644       0xf0 ./Drivers/STM32F4xx_HAL_Driver/Src/stm32f4xx_hal_rcc_ex.o
 .debug_frame   0x0000000000001734      0x954 ./Drivers/STM32F4xx_HAL_Driver/Src/stm32f4xx_hal_uart.o
 .debug_frame   0x0000000000002088       0x2c /usr/lib/gcc/arm-none-eabi/9.2.1/../../../arm-none-eabi/lib/thumb/v7e-m+fp/hard/libc_nano.a(lib_a-init.o)
 .debug_frame   0x00000000000020b4       0x38 /usr/lib/gcc/arm-none-eabi/9.2.1/../../../arm-none-eabi/lib/thumb/v7e-m+fp/hard/libc_nano.a(lib_a-memset.o)
 .debug_frame   0x00000000000020ec       0x2c /usr/lib/gcc/arm-none-eabi/9.2.1/thumb/v7e-m+fp/hard/libgcc.a(_aeabi_uldivmod.o)
 .debug_frame   0x0000000000002118       0x34 /usr/lib/gcc/arm-none-eabi/9.2.1/thumb/v7e-m+fp/hard/libgcc.a(_udivmoddi4.o)

.debug_loc      0x0000000000000000     0x128d
 .debug_loc     0x0000000000000000       0xba /usr/lib/gcc/arm-none-eabi/9.2.1/../../../arm-none-eabi/lib/thumb/v7e-m+fp/hard/libc_nano.a(lib_a-init.o)
 .debug_loc     0x00000000000000ba      0x231 /usr/lib/gcc/arm-none-eabi/9.2.1/../../../arm-none-eabi/lib/thumb/v7e-m+fp/hard/libc_nano.a(lib_a-memset.o)
 .debug_loc     0x00000000000002eb      0xfa2 /usr/lib/gcc/arm-none-eabi/9.2.1/thumb/v7e-m+fp/hard/libgcc.a(_udivmoddi4.o)
